[products.webrockmedia.com/prayer-html/index.html]
[backblue.gif]
[fade.gif]
[index.html]
[products.webrockmedia.com/prayer-html/images/fav.png]
[products.webrockmedia.com/prayer-html/css/bootstrap.min.css]
[products.webrockmedia.com/prayer-html/css/animate.min.css]
[products.webrockmedia.com/prayer-html/css/font-awesome.min.css]
[products.webrockmedia.com/prayer-html/css/line-icons.css]
[products.webrockmedia.com/prayer-html/css/flaticon.css]
[products.webrockmedia.com/prayer-html/css/owl.carousel.min.css]
[products.webrockmedia.com/prayer-html/css/default.css]
[products.webrockmedia.com/prayer-html/css/header.css]
[products.webrockmedia.com/prayer-html/css/footer.css]
[products.webrockmedia.com/prayer-html/css/style.css]
[products.webrockmedia.com/prayer-html/css/responsive.css]
[products.webrockmedia.com/prayer-html/plugins/revolution/css/settings.css]
[products.webrockmedia.com/prayer-html/plugins/revolution/css/layers.css]
[products.webrockmedia.com/prayer-html/plugins/revolution/css/navigation.css]
[products.webrockmedia.com/prayer-html/images/logo.png]
[products.webrockmedia.com/prayer-html/about.html]
[products.webrockmedia.com/prayer-html/event.html]
[products.webrockmedia.com/prayer-html/gallery.html]
[products.webrockmedia.com/prayer-html/blog-details.html]
[products.webrockmedia.com/prayer-html/event-details.html]
[products.webrockmedia.com/prayer-html/service-details.html]
[products.webrockmedia.com/prayer-html/blog.html]
[products.webrockmedia.com/prayer-html/contact.html]
[products.webrockmedia.com/prayer-html/images/banner.jpg]
[products.webrockmedia.com/prayer-html/images/si-1.png]
[products.webrockmedia.com/prayer-html/images/si-2.png]
[products.webrockmedia.com/prayer-html/images/praying1.png]
[products.webrockmedia.com/prayer-html/images/praying2.png]
[products.webrockmedia.com/prayer-html/images/praying3.png]
[products.webrockmedia.com/prayer-html/images/event-1.png]
[products.webrockmedia.com/prayer-html/images/event-2.png]
[products.webrockmedia.com/prayer-html/images/event-3.png]
[products.webrockmedia.com/prayer-html/images/event-4.png]
[products.webrockmedia.com/prayer-html/images/ev-1.png]
[products.webrockmedia.com/cdn-cgi/scripts/5c5dd728/cloudflare-static/email-decode.min.js]
[products.webrockmedia.com/prayer-html/js/jquery-3.6.0.min.js]
[products.webrockmedia.com/prayer-html/js/bootstrap.min.js]
[products.webrockmedia.com/prayer-html/js/isotope.pkgd.min.js]
[products.webrockmedia.com/prayer-html/js/jquery.magnific-popup.min.js]
[products.webrockmedia.com/prayer-html/js/wow.js]
[products.webrockmedia.com/prayer-html/js/owl.carousel.min.js]
[products.webrockmedia.com/prayer-html/js/main.js]
[products.webrockmedia.com/prayer-html/plugins/revolution/js/jquery.themepunch.revolution.min.js]
[products.webrockmedia.com/prayer-html/plugins/revolution/js/jquery.themepunch.tools.min.js]
[products.webrockmedia.com/prayer-html/plugins/revolution/js/extensions/revolution.extension.actions.min.js]
[products.webrockmedia.com/prayer-html/plugins/revolution/js/extensions/revolution.extension.carousel.min.js]
[products.webrockmedia.com/prayer-html/plugins/revolution/js/extensions/revolution.extension.kenburn.min.js]
[products.webrockmedia.com/prayer-html/plugins/revolution/js/extensions/revolution.extension.layeranimation.min.js]
[products.webrockmedia.com/prayer-html/plugins/revolution/js/extensions/revolution.extension.migration.min.js]
[products.webrockmedia.com/prayer-html/plugins/revolution/js/extensions/revolution.extension.navigation.min.js]
[products.webrockmedia.com/prayer-html/plugins/revolution/js/extensions/revolution.extension.parallax.min.js]
[products.webrockmedia.com/prayer-html/plugins/revolution/js/extensions/revolution.extension.slideanims.min.js]
[products.webrockmedia.com/prayer-html/plugins/revolution/js/extensions/revolution.extension.video.min.js]
[products.webrockmedia.com/prayer-html/js/main-slider-script.js]
[products.webrockmedia.com/prayer-html/index.html]
[products.webrockmedia.com/prayer-html/css/bootstrap.min.css]
[products.webrockmedia.com/prayer-html/css/animate.min.css]
[products.webrockmedia.com/cdn-cgi/scripts/7d0fa10a/cloudflare-static/rocket-loader.min.js]
[products.webrockmedia.com/prayer-html/fonts/fontawesome-webfont3e6e.eot]
[products.webrockmedia.com/prayer-html/fonts/fontawesome-webfontd41d.eot]
[products.webrockmedia.com/prayer-html/fonts/fontawesome-webfont3e6e.woff2]
[products.webrockmedia.com/prayer-html/fonts/fontawesome-webfont3e6e.woff]
[products.webrockmedia.com/prayer-html/fonts/fontawesome-webfont3e6e.ttf]
[products.webrockmedia.com/prayer-html/css/font-awesome.min.css]
[products.webrockmedia.com/prayer-html/fonts/Simple-Line-Iconsb26c.woff2]
[products.webrockmedia.com/prayer-html/css/line-icons.css]
[products.webrockmedia.com/prayer-html/fonts/flaticon.woff]
[products.webrockmedia.com/prayer-html/fonts/flaticon.ttf]
[products.webrockmedia.com/prayer-html/css/flaticon.css]
[products.webrockmedia.com/prayer-html/css/owl.carousel.min.css]
[products.webrockmedia.com/prayer-html/css/default.css]
[products.webrockmedia.com/prayer-html/css/header.css]
[products.webrockmedia.com/prayer-html/css/footer.css]
[products.webrockmedia.com/prayer-html/images/join-bg.png]
[products.webrockmedia.com/prayer-html/css/style.css]
[products.webrockmedia.com/prayer-html/css/responsive.css]
[products.webrockmedia.com/prayer-html/plugins/revolution/fonts/revicons/revicons90c6.woff]
[products.webrockmedia.com/prayer-html/plugins/revolution/css/settings.css]
[products.webrockmedia.com/prayer-html/plugins/revolution/css/layers.css]
[products.webrockmedia.com/prayer-html/plugins/revolution/css/navigation.css]
[products.webrockmedia.com/prayer-html/images/subbanner.png]
[products.webrockmedia.com/prayer-html/images/ab-1.png]
[products.webrockmedia.com/prayer-html/images/ab-2.png]
[products.webrockmedia.com/prayer-html/images/ab-3.png]
[products.webrockmedia.com/prayer-html/images/benifet-1.png]
[products.webrockmedia.com/prayer-html/images/benifet-2.png]
[products.webrockmedia.com/prayer-html/images/benifet-3.png]
[products.webrockmedia.com/prayer-html/about.html]
[products.webrockmedia.com/prayer-html/event.html]
[products.webrockmedia.com/prayer-html/images/g1.png]
[products.webrockmedia.com/prayer-html/images/g2.png]
[products.webrockmedia.com/prayer-html/images/g3.png]
[products.webrockmedia.com/prayer-html/images/g4.png]
[products.webrockmedia.com/prayer-html/images/g5.png]
[products.webrockmedia.com/prayer-html/images/g6.png]
[products.webrockmedia.com/prayer-html/images/g7.png]
[products.webrockmedia.com/prayer-html/images/g8.png]
[products.webrockmedia.com/prayer-html/gallery.html]
[products.webrockmedia.com/prayer-html/images/blog-details.png]
[products.webrockmedia.com/prayer-html/images/blog-d2.png]
[products.webrockmedia.com/prayer-html/blog-details.html]
[products.webrockmedia.com/prayer-html/images/event-de.png]
[products.webrockmedia.com/prayer-html/event-details.html]
[products.webrockmedia.com/prayer-html/service-details.html]
[products.webrockmedia.com/prayer-html/blog.html]
[products.webrockmedia.com/prayer-html/contact.html]
[products.webrockmedia.com/prayer-html/js/jquery-3.6.0.min.js]
[products.webrockmedia.com/prayer-html/js/bootstrap.min.js]
[products.webrockmedia.com/prayer-html/js/isotope.pkgd.min.js]
[products.webrockmedia.com/prayer-html/js/jquery.magnific-popup.min.js]
[products.webrockmedia.com/prayer-html/js/wow.js]
[products.webrockmedia.com/prayer-html/js/owl.carousel.min.js]
[products.webrockmedia.com/prayer-html/js/main.js]
[products.webrockmedia.com/prayer-html/plugins/revolution/js/jquery.themepunch.revolution.min.js]
[products.webrockmedia.com/prayer-html/plugins/revolution/js/jquery.themepunch.tools.min.js]
[products.webrockmedia.com/prayer-html/plugins/revolution/js/extensions/revolution.extension.actions.min.js]
[products.webrockmedia.com/prayer-html/plugins/revolution/js/extensions/revolution.extension.carousel.min.js]
[products.webrockmedia.com/prayer-html/plugins/revolution/js/extensions/revolution.extension.kenburn.min.js]
[products.webrockmedia.com/prayer-html/plugins/revolution/js/extensions/revolution.extension.layeranimation.min.js]
[products.webrockmedia.com/prayer-html/plugins/revolution/js/extensions/revolution.extension.migration.min.js]
[products.webrockmedia.com/prayer-html/plugins/revolution/js/extensions/revolution.extension.navigation.min.js]
[products.webrockmedia.com/prayer-html/plugins/revolution/js/extensions/revolution.extension.parallax.min.js]
[products.webrockmedia.com/prayer-html/plugins/revolution/js/extensions/revolution.extension.slideanims.min.js]
[products.webrockmedia.com/prayer-html/plugins/revolution/js/extensions/revolution.extension.video.min.js]
[products.webrockmedia.com/prayer-html/js/main-slider-script.js]
[products.webrockmedia.com/prayer-html/Version/index.html]
[secure-a.vimeocdn.com/js/froogaloop2.min.html]
